// Jest Snapshot v1, https://goo.gl/fbAQLP

exports[`<PostCard /> should match with snapshot 1`] = `
<div
  class="sc-bdnxRM bkXcNm post"
>
  <img
    alt="Title1"
    src="img/img.png"
  />
  <div
    class="post-content"
  >
    <h2>
      Title1
       
      1
    </h2>
    <hr />
    <span>
      Body1
    </span>
  </div>
</div>
`;
