// Jest Snapshot v1, https://goo.gl/fbAQLP

exports[`<TextInput /> should match with snapshot 1`] = `
<input
  class="sc-bdnxRM gLqrLJ text-input"
  placeholder="Type your search"
  type="search"
  value="teste"
/>
`;
