// Jest Snapshot v1, https://goo.gl/fbAQLP

exports[`<Button /> should match with snapshot 1`] = `
<button
  class="sc-bdnxRM RTIoa"
>
  load more
</button>
`;
